// Jest Snapshot v1, https://goo.gl/fbAQLP

exports[`TodoApp should match against snapshot 1`] = `
<div>
  <h1>
    TodoApp: 
    1
    , 
    <small>
      pending: 
      1
    </small>
  </h1>
  <hr />
  <div
    class="row"
  >
    <div
      class="col-7"
    >
      <ul
        class="list-group"
      >
        <li
          class="d-flex justify-content-between list-group-item"
        >
          <span
            class="align-self-center text-decoration-none"
          >
            some description
          </span>
          <button
            class="btn btn-danger"
          >
            delete
          </button>
        </li>
      </ul>
    </div>
    <div
      class="col-5"
    >
      <h4>
        Add todo
      </h4>
      <hr />
      <form>
        <input
          class="form-control"
          name="description"
          placeholder="cleanup my house"
          type="text"
          value=""
        />
        <button
          class="btn btn-outline-primary mt-2"
          type="submit"
        >
          Add
        </button>
      </form>
    </div>
  </div>
</div>
`;
