// Jest Snapshot v1, https://goo.gl/fbAQLP

exports[`MainApp should match against snapshot 1`] = `
<div>
  <nav
    class="navbar navbar-expand-lg navbar-dark bg-dark p-3 rounded-3"
  >
    <a
      aria-current="page"
      class="navbar-brand active"
      href="/"
    >
      UseContext
    </a>
    <div
      class="collapse navbar-collapse"
      id="navbarNav"
    >
      <ul
        class="navbar-nav"
      >
        <li
          class="nav-item"
        >
          <a
            class="nav-link"
            href="/about"
          >
            About
          </a>
        </li>
        <li
          class="nav-item"
        >
          <a
            class="nav-link"
            href="/login"
          >
            Login
          </a>
        </li>
      </ul>
    </div>
  </nav>
  <hr />
  <h1>
    Home page - 
  </h1>
  <hr />
  <pre
    aria-label="pre"
  />
</div>
`;
